../Core/Src/stm32f1xx_it.c:75:6:NMI_Handler	0	static
../Core/Src/stm32f1xx_it.c:90:6:HardFault_Handler	0	static
../Core/Src/stm32f1xx_it.c:105:6:MemManage_Handler	0	static
../Core/Src/stm32f1xx_it.c:120:6:BusFault_Handler	0	static
../Core/Src/stm32f1xx_it.c:135:6:UsageFault_Handler	0	static
../Core/Src/stm32f1xx_it.c:150:6:SVC_Handler	0	static
../Core/Src/stm32f1xx_it.c:163:6:DebugMon_Handler	0	static
../Core/Src/stm32f1xx_it.c:176:6:PendSV_Handler	0	static
../Core/Src/stm32f1xx_it.c:189:6:SysTick_Handler	0	static
../Core/Src/stm32f1xx_it.c:210:6:EXTI0_IRQHandler	8	static
../Core/Src/stm32f1xx_it.c:231:6:EXTI1_IRQHandler	8	static
../Core/Src/stm32f1xx_it.c:252:6:EXTI2_IRQHandler	8	static
../Core/Src/stm32f1xx_it.c:273:6:TIM4_IRQHandler	0	static
